// Jest Snapshot v1, https://goo.gl/fbAQLP

exports[`It renders the dropdown component 1`] = `
<styled.div
  onClick={[MockFunction]}
  onMouseLeave={[Function]}
  onMouseOver={[Function]}
>
  <styled.span>
    test
  </styled.span>
  <DownArrow />
</styled.div>
`;
